// Jest Snapshot v1, https://goo.gl/fbAQLP

exports[`renders intro page 1`] = `
<div>
  <video
    autoPlay={true}
    controls={true}
    id="background-video"
    onEnded={[Function]}
  >
    <source
      src="intro.mp4"
      type="video/mp4"
    />
    Your browser does not support the video tag.
  </video>
  <button
    className="btn btn-primary"
    disabled={false}
    onClick={[Function]}
    style={
      Object {
        "position": "absolute",
        "right": 5,
        "top": 5,
      }
    }
    type="button"
  >
    <span>
      Skip Video
    </span>
  </button>
</div>
`;
