// Jest Snapshot v1, https://goo.gl/fbAQLP

exports[`renders emailApp page 1`] = `
<div
  className="email-app"
>
  <div
    className="email-list"
  >
    <h1
      className="Inbox"
    >
       Inbox
    </h1>
    <div
      className="email-notselected"
      onClick={[Function]}
    >
      <h1>
        Game Master
      </h1>
       
      <img
        alt="face"
        className="sideImage"
        src="face.png"
      />
      <h2>
        Welcome To Grand Theft Democracy
      </h2>
       
      <h3>
        Hello and welcome to Grand Theft Democra
      </h3>
       
    </div>
    <div
      className="email-notselected"
      onClick={[Function]}
    >
      <h1>
        FSB Director
      </h1>
       
      <img
        alt="face"
        className="sideImage"
        src="face.png"
      />
      <h2>
        Interference with Democristan
      </h2>
       
      <h3>
        Good Evening Putin, 

 As you may be awa
      </h3>
       
    </div>
    <div
      className="email-notselected"
      onClick={[Function]}
    >
      <h1>
        FSB Director
      </h1>
       
      <img
        alt="face"
        className="sideImage"
        src="face.png"
      />
      <h2>
        Good Work
      </h2>
       
      <h3>
        Good Work Mr. Putin,

I see that you’ve 
      </h3>
       
    </div>
    <div
      className="email-notselected"
      onClick={[Function]}
    >
      <h1>
        FSB Director
      </h1>
       
      <img
        alt="face"
        className="sideImage"
        src="face.png"
      />
      <h2>
        New Measures
      </h2>
       
      <h3>
        Good Evening Mr. Putin,

I hope things a
      </h3>
       
    </div>
  </div>
  <div
    className="email-reader"
  />
</div>
`;
