// Jest Snapshot v1, https://goo.gl/fbAQLP

exports[`renders CalendarApp page 1`] = `
<div
  className="calendar-app"
>
  <div
    className="calendar"
  >
    <div
      className="header row flex-middle"
    >
      <div
        className="col col-start"
      >
        <div
          className="icon"
          onClick={[Function]}
        >
          chevron_left
        </div>
      </div>
      <div
        className="col col-center"
      >
        <span>
          March 2020
        </span>
      </div>
      <div
        className="col col-end"
        onClick={[Function]}
      >
        <div
          className="icon"
        >
          chevron_right
        </div>
      </div>
    </div>
    <div
      className="days row"
    >
      <div
        className="col col-center"
      >
        Sun
      </div>
      <div
        className="col col-center"
      >
        Mon
      </div>
      <div
        className="col col-center"
      >
        Tue
      </div>
      <div
        className="col col-center"
      >
        Wed
      </div>
      <div
        className="col col-center"
      >
        Thu
      </div>
      <div
        className="col col-center"
      >
        Fri
      </div>
      <div
        className="col col-center"
      >
        Sat
      </div>
    </div>
    <div
      className="body"
    >
      <div
        className="row"
      >
        <div
          className="col cell enabled"
        >
          <span
            className="number"
          >
            1
          </span>
          <span
            className="bg"
          >
            1
          </span>
           
        </div>
        <div
          className="col cell enabled"
        >
          <span
            className="number"
          >
            2
          </span>
          <span
            className="bg"
          >
            2
          </span>
           
        </div>
        <div
          className="col cell enabled"
        >
          <span
            className="number"
          >
            3
          </span>
          <span
            className="bg"
          >
            3
          </span>
          <a
            className="calendar-event-link"
            href="/Calendar/0"
            onClick={[Function]}
          >
            <button
              className="calendar-event-button-locked btn btn-primary"
              disabled={false}
              type="button"
            >
              Iowa Caucus
            </button>
          </a>
           
        </div>
        <div
          className="col cell enabled"
        >
          <span
            className="number"
          >
            4
          </span>
          <span
            className="bg"
          >
            4
          </span>
           
        </div>
        <div
          className="col cell enabled"
        >
          <span
            className="number"
          >
            5
          </span>
          <span
            className="bg"
          >
            5
          </span>
           
        </div>
        <div
          className="col cell enabled"
        >
          <span
            className="number"
          >
            6
          </span>
          <span
            className="bg"
          >
            6
          </span>
           
        </div>
        <div
          className="col cell enabled"
        >
          <span
            className="number"
          >
            7
          </span>
          <span
            className="bg"
          >
            7
          </span>
           
        </div>
      </div>
      <div
        className="row"
      >
        <div
          className="col cell enabled"
        >
          <span
            className="number"
          >
            8
          </span>
          <span
            className="bg"
          >
            8
          </span>
           
        </div>
        <div
          className="col cell enabled"
        >
          <span
            className="number"
          >
            9
          </span>
          <span
            className="bg"
          >
            9
          </span>
           
        </div>
        <div
          className="col cell enabled"
        >
          <span
            className="number"
          >
            10
          </span>
          <span
            className="bg"
          >
            10
          </span>
           
        </div>
        <div
          className="col cell enabled"
        >
          <span
            className="number"
          >
            11
          </span>
          <span
            className="bg"
          >
            11
          </span>
          <a
            className="calendar-event-link"
            href="/Calendar/1"
            onClick={[Function]}
          >
            <button
              className="calendar-event-button-locked btn btn-primary"
              disabled={false}
              type="button"
            >
              New Hampshire Caucus
            </button>
          </a>
           
        </div>
        <div
          className="col cell enabled"
        >
          <span
            className="number"
          >
            12
          </span>
          <span
            className="bg"
          >
            12
          </span>
           
        </div>
        <div
          className="col cell enabled"
        >
          <span
            className="number"
          >
            13
          </span>
          <span
            className="bg"
          >
            13
          </span>
           
        </div>
        <div
          className="col cell enabled"
        >
          <span
            className="number"
          >
            14
          </span>
          <span
            className="bg"
          >
            14
          </span>
           
        </div>
      </div>
      <div
        className="row"
      >
        <div
          className="col cell disabled"
        >
          <span
            className="number"
          >
            15
          </span>
          <span
            className="bg"
          >
            15
          </span>
           
        </div>
        <div
          className="col cell disabled"
        >
          <span
            className="number"
          >
            16
          </span>
          <span
            className="bg"
          >
            16
          </span>
           
        </div>
        <div
          className="col cell disabled"
        >
          <span
            className="number"
          >
            17
          </span>
          <span
            className="bg"
          >
            17
          </span>
           
        </div>
        <div
          className="col cell disabled"
        >
          <span
            className="number"
          >
            18
          </span>
          <span
            className="bg"
          >
            18
          </span>
           
        </div>
        <div
          className="col cell disabled"
        >
          <span
            className="number"
          >
            19
          </span>
          <span
            className="bg"
          >
            19
          </span>
           
        </div>
        <div
          className="col cell disabled"
        >
          <span
            className="number"
          >
            20
          </span>
          <span
            className="bg"
          >
            20
          </span>
           
        </div>
        <div
          className="col cell disabled"
        >
          <span
            className="number"
          >
            21
          </span>
          <span
            className="bg"
          >
            21
          </span>
           
        </div>
      </div>
      <div
        className="row"
      >
        <div
          className="col cell disabled"
        >
          <span
            className="number"
          >
            22
          </span>
          <span
            className="bg"
          >
            22
          </span>
          <a
            className="calendar-event-link"
            href="/Calendar/2"
            onClick={[Function]}
          >
            <button
              className="calendar-event-button-locked btn btn-primary"
              disabled={false}
              type="button"
            >
              South Carolina Caucus
            </button>
          </a>
           
        </div>
        <div
          className="col cell disabled"
        >
          <span
            className="number"
          >
            23
          </span>
          <span
            className="bg"
          >
            23
          </span>
           
        </div>
        <div
          className="col cell disabled"
        >
          <span
            className="number"
          >
            24
          </span>
          <span
            className="bg"
          >
            24
          </span>
           
        </div>
        <div
          className="col cell disabled"
        >
          <span
            className="number"
          >
            25
          </span>
          <span
            className="bg"
          >
            25
          </span>
           
        </div>
        <div
          className="col cell disabled"
        >
          <span
            className="number"
          >
            26
          </span>
          <span
            className="bg"
          >
            26
          </span>
           
        </div>
        <div
          className="col cell disabled"
        >
          <span
            className="number"
          >
            27
          </span>
          <span
            className="bg"
          >
            27
          </span>
           
        </div>
        <div
          className="col cell disabled"
        >
          <span
            className="number"
          >
            28
          </span>
          <span
            className="bg"
          >
            28
          </span>
           
        </div>
      </div>
      <div
        className="row"
      >
        <div
          className="col cell disabled"
        >
          <span
            className="number"
          >
            29
          </span>
          <span
            className="bg"
          >
            29
          </span>
           
        </div>
        <div
          className="col cell disabled"
        >
          <span
            className="number"
          >
            30
          </span>
          <span
            className="bg"
          >
            30
          </span>
           
        </div>
        <div
          className="col cell disabled"
        >
          <span
            className="number"
          >
            31
          </span>
          <span
            className="bg"
          >
            31
          </span>
           
        </div>
        <div
          className="col cell disabled"
        >
          <span
            className="number"
          >
            1
          </span>
          <span
            className="bg"
          >
            1
          </span>
           
        </div>
        <div
          className="col cell disabled"
        >
          <span
            className="number"
          >
            2
          </span>
          <span
            className="bg"
          >
            2
          </span>
           
        </div>
        <div
          className="col cell disabled"
        >
          <span
            className="number"
          >
            3
          </span>
          <span
            className="bg"
          >
            3
          </span>
          <a
            className="calendar-event-link"
            href="/Calendar/3"
            onClick={[Function]}
          >
            <button
              className="calendar-event-button-locked btn btn-primary"
              disabled={false}
              type="button"
            >
              Super Tuesday
            </button>
          </a>
           
        </div>
        <div
          className="col cell disabled"
        >
          <span
            className="number"
          >
            4
          </span>
          <span
            className="bg"
          >
            4
          </span>
           
        </div>
      </div>
    </div>
  </div>
</div>
`;
